[uitur] pg_event-FK bloklu hayvan Satildi birakildi: 1

Running 25 tests using 1 worker

  ✓   1 [chromium] › ../agents/uitur-m3-probe.spec.js:96:5 › M1: dashboard 6. stat hücresi (T-56) — hücre + .sv + sınıf kuralı + goTo (4.1s)
  ✘   2 [chromium] › ../agents/uitur-m3-probe.spec.js:123:5 › M2: KPA şeridi (T-59) — 5 hücre küçük harf; sayılar RPC kpa eşit; ovs-one; (N takipte) (4.4s)
CONSOLE info Successfully preconnected to https://fonts.googleapis.com/
HTTP [33m401[39m https://vtzqjmazsvurxdeondmi.supabase.co/rest/v1/rpc/demo_sema_diff
CONSOLE error Failed to load resource: the server responded with a status of 401 (Unauthorized)
CONSOLE info Successfully preconnected to https://fonts.googleapis.com/
URL http://127.0.0.1:8137/#ovsync
PGOVSYNC 
  <div style="display:flex;align-items:center;justify-content:space-between;padding:12px 16px;border-bottom:1px solid var(--bg3)">
    <div>
      <div style="font-weight:800">🔄 Ovsync Takip</div>
      <div style="font-size:.7rem;color:var(--ink3)">Aktif protokol zincirleri</div>
    </div>
    <!-- R13: başlıktaki ‹ geri = mevcut nav-geri handler'ı (history.back) -->
    <button class="btn" data-action="nav-geri" style="padding:5px 10px">‹ Geri</button>
  </div>
  <div id="ovsync-root"><div class="loader"><div class="spin"></div></div></div>

  ✘   3 [chromium] › ../agents/uitur-m3-probe.spec.js:154:5 › M3: S0–S4 bölümleri (T-32) — başlık kümesi=satır kümesi; boş gizli; S3 ilk 5+tümü; S4 katlanır (3.7s)
  ✘   4 [chromium] › ../agents/uitur-m3-probe.spec.js:194:5 › M4: 🔔 "Tüm takibi aç →" + Görevler "Tüm ovsync takibi →" + takip görevi 🌱 Üreme çipinde (T-57) (8.6s)
  ✘   5 [chromium] › ../agents/uitur-m3-probe.spec.js:214:5 › M5: sayı eşitliği (kabul 9) — 🔔 🌱 sayısı = KPA bekleyen-başlatma = S3 kart (9.6s)
  ✓   6 [chromium] › ../agents/uitur-m3-probe.spec.js:248:5 › M6: devam seçici (T-01/T-07) — başlık, Sonuç Güncelle, 3 kart, buton etiketleri, alt not (15.9s)
  ✓   7 [chromium] › ../agents/uitur-m3-probe.spec.js:276:5 › M7: PG ön dolu (T-02 ⚠) — ürün seçili, doz inputu YOK; PG geçmişi olmayanda buton pasif (15.2s)
  ✘   8 [chromium] › ../agents/uitur-m3-probe.spec.js:298:5 › M8: TAKIP kurulumu (T-03 ⚠) — gün girişi yok; +7 saat=atama anı; S3 🔍 takipte rozet; Üreme çipi (14.2s)
  ✘   9 [chromium] › ../agents/uitur-m3-probe.spec.js:341:5 › M9: kilitli Ovsync (T-14..T-17) — kilit gerekçesi + ön seçim Takibe bırak (14.6s)
  ✘  10 [chromium] › ../agents/uitur-m3-probe.spec.js:355:5 › M10: PG kapısı (T-06) — hızlı-PG redsi #pg-kapi-bs; "Boş ata ve uygula" tek sarmal işlem (9.1s)
  ✘  11 [chromium] › ../agents/uitur-m3-probe.spec.js:385:5 › M11: TAKIP_ACIK sheet (T-20/T-21) — app bottom-sheet, tarih/saat DOLU; Vazgeç yazmasız; Evet kapatır (24.6s)
  ✘  12 [chromium] › ../agents/uitur-m3-probe.spec.js:436:5 › M12: birleşik kapı (S-4/T-86) — TEK sheet, iki gerekçe alt alta, TEK onay, tarih/saat dolu (9.6s)
  ✘  13 [chromium] › ../agents/uitur-m3-probe.spec.js:462:5 › M13: sessiz kapanış (T-19) — onay yok; neden=YENI_TOHUMLAMA; listeden düşer (15.6s)
  ✘  14 [chromium] › ../agents/uitur-m3-probe.spec.js:486:5 › M14: çıkış kapanışı (T-22) — hayvan çıkışı → takip kapanır (neden=CIKIS), satır düşer (15.2s)
  ✘  15 [chromium] › ../agents/uitur-m3-probe.spec.js:506:5 › M15: birleşik sonuç ekranı (T-04/T-76) — GK 5 kart, TM 4 kart; görev detay + S2 + 40g listesi girişleri (22.3s)
  ✓  16 [chromium] › ../agents/uitur-m3-probe.spec.js:552:5 › M16: ertele (T-25/T-26/§10d#3) — gün ön +7, saat BOŞ, canlı önizleme; saatsiz kayıt; ≥21g TEK onay (25.4s)
  ✓  17 [chromium] › ../agents/uitur-m3-probe.spec.js:605:5 › M17: üreme geçmişi iki satır (T-84) — üstü çizili Boş + Gebe; tahmini doğum Gebe'den (1.3m)
  ✘  18 [chromium] › ../agents/uitur-m3-probe.spec.js:645:5 › M18: göreli gün (T-85) — geçmiş satırında bugün/dün/N gün önce (15.4s)
  ✓  19 [chromium] › ../agents/uitur-m3-probe.spec.js:657:5 › M19: S2 "muayene vakti · +Ng" (T-38/T-43/T-44 ⚠); ayar 35→satır kayar; "21" yok (11.2s)
  ✘  20 [chromium] › ../agents/uitur-m3-probe.spec.js:691:5 › M25: invalidate (T-50) — yazma sonrası __ovsyncTakip=null; taze veri; bayat satır kalmaz (12.1s)
  ✘  21 [chromium] › ../agents/uitur-m3-probe.spec.js:720:5 › M20: satır gün şeması (T-35/36) — d0● d7◌ d8◌ d9◌ TAI⏳; renk dili; N/4 uygulandı; nötr etiketler (14.1s)
  ✘  22 [chromium] › ../agents/uitur-m3-probe.spec.js:760:5 › M21: rozetler (T-69/T-67) — kayma +Ng / erken Ng / görevsiz / erken TAI / deneme; Dalga başlığı (17.5s)
  ✘  23 [chromium] › ../agents/uitur-m3-probe.spec.js:842:5 › M22: bayrak kapalı (T-46) — 🔒 şerit; boş liste sessiz gösterilmez; seçici açılmaz (24.3s)
  ✘  24 [chromium] › ../agents/uitur-m3-probe.spec.js:873:5 › M23: offline (T-47/T-48) — bayat "⚠️ çevrimdışı · HH:MM verisi"; önbelleksiz "📡 İnternet yok" (49.6s)
  ✘  25 [chromium] › ../agents/uitur-m3-probe.spec.js:898:5 › M24: gezinme (T-51..T-55) — yatay geçiş; ‹ Geri=history.back; scroll geri yükleme; modal guard (14.3s)
[uitur] pg_event-FK bloklu hayvan Satildi birakildi: 1


  1) [chromium] › ../agents/uitur-m3-probe.spec.js:123:5 › M2: KPA şeridi (T-59) — 5 hücre küçük harf; sayılar RPC kpa eşit; ovs-one; (N takipte) 

    Error: [2mexpect([22m[31mreceived[39m[2m).[22mtoContain[2m([22m[32mexpected[39m[2m) // indexOf[22m

    Expected substring: [32m"(10 takipte)"[39m
    Received string:    [31m"bekleyen başlatma"[39m

      144 |   const takipteSpan = await page.locator('#pg-ovsync .ovs-kpa-c', { hasText: 'bekleyen başlatma' }).locator('span').allInnerTexts();
      145 |   if ((kpa.bekleyen_baslatma_takipte ?? 0) > 0) {
    > 146 |     expect(takipteSpan.join(' ')).toContain(`(${kpa.bekleyen_baslatma_takipte} takipte)`);
          |                                   ^
      147 |   } else {
      148 |     expect(bbHucre.s).not.toContain('takipte');
      149 |   }
        at /agents/uitur-m3-probe.spec.js:146:35

    Error Context: test-results/uitur-m3-probe-M2-KPA-şeri-0639b-kpa-eşit-ovs-one-N-takipte--chromium/error-context.md

  2) [chromium] › ../agents/uitur-m3-probe.spec.js:154:5 › M3: S0–S4 bölümleri (T-32) — başlık kümesi=satır kümesi; boş gizli; S3 ilk 5+tümü; S4 katlanır 

    Error: başlıklar  ⇔ satırlar S2,S3,S4

    [2mexpect([22m[31mreceived[39m[2m).[22mtoEqual[2m([22m[32mexpected[39m[2m) // deep equality[22m

    [32m- Expected  - 5[39m
    [31m+ Received  + 1[39m

    [32m- Array [[39m
    [32m-   "S2",[39m
    [32m-   "S3",[39m
    [32m-   "S4",[39m
    [32m- ][39m
    [31m+ Array [][39m

      169 |   console.log('PGOVSYNC', (await page.locator('#pg-ovsync').innerHTML()).slice(0,1500));
      170 |   expect(karsilastir.baslik, `başlıklar ${karsilastir.baslik} ⇔ satırlar ${karsilastir.satir}`)
    > 171 |     .toEqual(karsilastir.satir);
          |      ^
      172 |   for (const b of ['S0 · Bugün & Geciken', 'S1 · Aktif zincirler', 'S2 · Sonuç bekleyenler', 'S3 · Başlatılmayı bekleyenler', 'S4 · Sonlananlar']) {
      173 |     await expect(page.locator('#pg-ovsync .ovs-bolum h2', { hasText: b })).toBeVisible();
      174 |   }
        at /agents/uitur-m3-probe.spec.js:171:6

    Error Context: test-results/uitur-m3-probe-M3-S0–S4-bö-b3b96-i-S3-ilk-5-tümü-S4-katlanır-chromium/error-context.md

  3) [chromium] › ../agents/uitur-m3-probe.spec.js:194:5 › M4: 🔔 "Tüm takibi aç →" + Görevler "Tüm ovsync takibi →" + takip görevi 🌱 Üreme çipinde (T-57) 

    Error: [2mexpect([22m[31mlocator[39m[2m).[22mtoBeVisible[2m([22m[2m)[22m failed

    Locator: locator('#dash-body').filter({ hasText: '🌱 İlk Tohumlama (' })
    Expected: visible
    Timeout: 5000ms
    Error: element(s) not found

    Call log:
    [2m  - Expect "toBeVisible" with timeout 5000ms[22m
    [2m  - waiting for locator('#dash-body').filter({ hasText: '🌱 İlk Tohumlama (' })[22m


      194 | test('M4: 🔔 "Tüm takibi aç →" + Görevler "Tüm ovsync takibi →" + takip görevi 🌱 Üreme çipinde (T-57)', async ({ page }) => {
      195 |   await openApp(page);
    > 196 |   await expect(page.locator('#dash-body', { hasText: '🌱 İlk Tohumlama (' })).toBeVisible();
          |                                                                               ^
      197 |   const link = page.getByRole('button', { name: 'Tüm takibi aç →' }).first();
      198 |   await expect(link).toBeVisible();
      199 |   await shot(page, 'uitur-04a-dash-ilk-tohumlama', false);
        at /agents/uitur-m3-probe.spec.js:196:79

    Error Context: test-results/uitur-m3-probe-M4-🔔-Tüm-t-55683-revi-🌱-Üreme-çipinde-T-57--chromium/error-context.md

  4) [chromium] › ../agents/uitur-m3-probe.spec.js:214:5 › M5: sayı eşitliği (kabul 9) — 🔔 🌱 sayısı = KPA bekleyen-başlatma = S3 kart 

    Error: [2mexpect([22m[31mlocator[39m[2m).[22mtoBeVisible[2m([22m[2m)[22m failed

    Locator: locator('#dash-body div').filter({ hasText: '🌱 İlk Tohumlama (' }).first()
    Expected: visible
    Timeout: 5000ms
    Error: element(s) not found

    Call log:
    [2m  - Expect "toBeVisible" with timeout 5000ms[22m
    [2m  - waiting for locator('#dash-body div').filter({ hasText: '🌱 İlk Tohumlama (' }).first()[22m


      215 |   await openApp(page);
      216 |   const dashBant = page.locator('#dash-body div', { hasText: '🌱 İlk Tohumlama (' }).first();
    > 217 |   await expect(dashBant).toBeVisible();
          |                          ^
      218 |   const m1 = await dashBant.innerText();
      219 |   const dashN = Number((m1.match(/🌱 İlk Tohumlama \((\d+)/) || [])[1]);
      220 |   expect(dashN, 'dashboard uyarı sayısı okunamadı: ' + m1).toBeGreaterThan(0);
        at /agents/uitur-m3-probe.spec.js:217:26

    Error Context: test-results/uitur-m3-probe-M5-sayı-eşi-1ddb2-A-bekleyen-başlatma-S3-kart-chromium/error-context.md

  5) [chromium] › ../agents/uitur-m3-probe.spec.js:298:5 › M8: TAKIP kurulumu (T-03 ⚠) — gün girişi yok; +7 saat=atama anı; S3 🔍 takipte rozet; Üreme çipi 

    Error: [2mexpect([22m[31mlocator[39m[2m).[22mtoBeVisible[2m([22m[2m)[22m failed

    Locator: locator('#ureme-body .hist-row').filter({ hasText: 'E2E-UITUR-f' }).first()
    Expected: visible
    Timeout: 10000ms
    Error: element(s) not found

    Call log:
    [2m  - Expect "toBeVisible" with timeout 10000ms[22m
    [2m  - waiting for locator('#ureme-body .hist-row').filter({ hasText: 'E2E-UITUR-f' }).first()[22m


      66 |   await page.fill('#tohumlama-srch', S[ad].kupe);
      67 |   const satir = page.locator('#ureme-body .hist-row', { hasText: S[ad].kupe }).first();
    > 68 |   await expect(satir).toBeVisible({ timeout: 10000 });
         |                       ^
      69 |   await satir.click();
      70 |   await expect(page.locator('#m-toh-det')).toHaveClass(/on/);
      71 |   await page.check('input[name="toh-sonuc"][value="Boş"]');
        at devamSeciciAc (/agents/uitur-m3-probe.spec.js:68:23)
        at /agents/uitur-m3-probe.spec.js:300:3

    Error Context: test-results/uitur-m3-probe-M8-TAKIP-ku-ffdd2-🔍-takipte-rozet-Üreme-çipi-chromium/error-context.md

  6) [chromium] › ../agents/uitur-m3-probe.spec.js:341:5 › M9: kilitli Ovsync (T-14..T-17) — kilit gerekçesi + ön seçim Takibe bırak 

    Error: kural günü gelmemiş hayvanda Ovsync kilitli: {"kilitli":false,"gerekce":null}

    [2mexpect([22m[31mreceived[39m[2m).[22mtoBe[2m([22m[32mexpected[39m[2m) // Object.is equality[22m

    Expected: [32mtrue[39m
    Received: [31mfalse[39m

      344 |   const secici = page.locator('#devam-secici-bs');
      345 |   const kilit = await page.evaluate(() => window.__devamSecici?.kilit);
    > 346 |   expect(kilit?.kilitli, 'kural günü gelmemiş hayvanda Ovsync kilitli: ' + JSON.stringify(kilit)).toBe(true);
          |                                                                                                   ^
      347 |   await expect(secici.locator('[data-secim="OVSYNC"]')).toContainText(/Kural günü|Kısır/);
      348 |   expect(await page.evaluate(() => window.__devamSecici?.secim)).toBe('TAKIP');
      349 |   await expect(page.locator('#devam-onayla')).toHaveText('Boş ata + Takibe bırak');
        at /agents/uitur-m3-probe.spec.js:346:99

    Error Context: test-results/uitur-m3-probe-M9-kilitli--af986-kçesi-ön-seçim-Takibe-bırak-chromium/error-context.md

  7) [chromium] › ../agents/uitur-m3-probe.spec.js:355:5 › M10: PG kapısı (T-06) — hızlı-PG redsi #pg-kapi-bs; "Boş ata ve uygula" tek sarmal işlem 

    Error: [2mexpect([22m[31mlocator[39m[2m).[22mtoBeVisible[2m([22m[2m)[22m failed

    Locator: locator('#proto-mini')
    Expected: visible
    Timeout: 5000ms
    Error: element(s) not found

    Call log:
    [2m  - Expect "toBeVisible" with timeout 5000ms[22m
    [2m  - waiting for locator('#proto-mini')[22m


      356 |   await openApp(page);
      357 |   await page.evaluate(hid => window._hayvanHizliUygulama(hid), S.k.hayvanId);
    > 358 |   await expect(page.locator('#proto-mini')).toBeVisible();
          |                                             ^
      359 |   await page.selectOption('#pu-stok', { label: 'PGs (alke)' });
      360 |   await page.fill('#pu-doz', '5');
      361 |   await page.click('#pu-kaydet-btn');
        at /agents/uitur-m3-probe.spec.js:358:45

    Error Context: test-results/uitur-m3-probe-M10-PG-kapı-96d71--ve-uygula-tek-sarmal-işlem-chromium/error-context.md

  8) [chromium] › ../agents/uitur-m3-probe.spec.js:385:5 › M11: TAKIP_ACIK sheet (T-20/T-21) — app bottom-sheet, tarih/saat DOLU; Vazgeç yazmasız; Evet kapatır 

    TimeoutError: page.click: Timeout 10000ms exceeded.
    Call log:
    [2m  - waiting for locator('#nb-ureme')[22m
    [2m    - locator resolved to <button class="nb on" id="nb-ureme" data-action="go-ureme">…</button>[22m
    [2m  - attempting click action[22m
    [2m    2 × waiting for element to be visible, enabled and stable[22m
    [2m      - element is visible, enabled and stable[22m
    [2m      - scrolling into view if needed[22m
    [2m      - done scrolling[22m
    [2m      - <div>Sonuç kaydı ve seçilen devam adımı tek işlemde ya…</div> from <div id="devam-secici-bs">…</div> subtree intercepts pointer events[22m
    [2m    - retrying click action[22m
    [2m    - waiting 20ms[22m
    [2m    2 × waiting for element to be visible, enabled and stable[22m
    [2m      - element is visible, enabled and stable[22m
    [2m      - scrolling into view if needed[22m
    [2m      - done scrolling[22m
    [2m      - <div>Sonuç kaydı ve seçilen devam adımı tek işlemde ya…</div> from <div id="devam-secici-bs">…</div> subtree intercepts pointer events[22m
    [2m    - retrying click action[22m
    [2m      - waiting 100ms[22m
    [2m    18 × waiting for element to be visible, enabled and stable[22m
    [2m       - element is visible, enabled and stable[22m
    [2m       - scrolling into view if needed[22m
    [2m       - done scrolling[22m
    [2m       - <div>Sonuç kaydı ve seçilen devam adımı tek işlemde ya…</div> from <div id="devam-secici-bs">…</div> subtree intercepts pointer events[22m
    [2m     - retrying click action[22m
    [2m       - waiting 500ms[22m
    [2m    - waiting for element to be visible, enabled and stable[22m


       at ../work/tests/support/app.js:52

      50 | export async function navTo(page, btnId) {
      51 |   const id = btnId.replace(/^#/, ''); // '#nb-x' ve 'nb-x' girişlerinin ikisi de kabul
    > 52 |   await page.click('#' + id);
         |              ^
      53 |   await page.waitForSelector('#' + id.replace('nb-', 'pg-') + '.on', { timeout: 8000 });
      54 | }
      55 |
        at navTo (/work/tests/support/app.js:52:14)
        at devamSeciciAc (/agents/uitur-m3-probe.spec.js:64:14)
        at /agents/uitur-m3-probe.spec.js:411:9

    Error Context: test-results/uitur-m3-probe-M11-TAKIP-A-5bba7-azgeç-yazmasız-Evet-kapatır-chromium/error-context.md

  9) [chromium] › ../agents/uitur-m3-probe.spec.js:436:5 › M12: birleşik kapı (S-4/T-86) — TEK sheet, iki gerekçe alt alta, TEK onay, tarih/saat dolu 

    Error: [2mexpect([22m[31mlocator[39m[2m).[22mtoBeVisible[2m([22m[2m)[22m failed

    Locator: locator('#proto-mini')
    Expected: visible
    Timeout: 5000ms
    Error: element(s) not found

    Call log:
    [2m  - Expect "toBeVisible" with timeout 5000ms[22m
    [2m  - waiting for locator('#proto-mini')[22m


      437 |   await openApp(page);
      438 |   await page.evaluate(hid => window._hayvanHizliUygulama(hid), S.m.hayvanId);
    > 439 |   await expect(page.locator('#proto-mini')).toBeVisible();
          |                                             ^
      440 |   await page.selectOption('#pu-stok', { label: 'PGs (alke)' });
      441 |   await page.fill('#pu-doz', '5');
      442 |   await page.click('#pu-kaydet-btn');
        at /agents/uitur-m3-probe.spec.js:439:45

    Error Context: test-results/uitur-m3-probe-M12-birleşi-0db7b-ta-TEK-onay-tarih-saat-dolu-chromium/error-context.md

  10) [chromium] › ../agents/uitur-m3-probe.spec.js:462:5 › M13: sessiz kapanış (T-19) — onay yok; neden=YENI_TOHUMLAMA; listeden düşer 

    Error: [2mexpect([22m[31mlocator[39m[2m).[22mtoBeVisible[2m([22m[2m)[22m failed

    Locator: locator('#pg-ovsync .ovs-takip-satir').filter({ hasText: 'E2E-UITUR-e' })
    Expected: visible
    Timeout: 10000ms
    Error: element(s) not found

    Call log:
    [2m  - Expect "toBeVisible" with timeout 10000ms[22m
    [2m  - waiting for locator('#pg-ovsync .ovs-takip-satir').filter({ hasText: 'E2E-UITUR-e' })[22m


      462 | test('M13: sessiz kapanış (T-19) — onay yok; neden=YENI_TOHUMLAMA; listeden düşer', async ({ page }) => {
      463 |   await ovAc(page);
    > 464 |   await expect(page.locator('#pg-ovsync .ovs-takip-satir', { hasText: S.e.kupe })).toBeVisible({ timeout: 10000 });
          |                                                                                    ^
      465 |   let nativeDialog = false;
      466 |   page.on('dialog', d => { nativeDialog = true; d.dismiss().catch(() => {}); });
      467 |   const { error } = await db.from('tohumlama').insert({
        at /agents/uitur-m3-probe.spec.js:464:84

    Error Context: test-results/uitur-m3-probe-M13-sessiz--66db1-NI-TOHUMLAMA-listeden-düşer-chromium/error-context.md

  11) [chromium] › ../agents/uitur-m3-probe.spec.js:486:5 › M14: çıkış kapanışı (T-22) — hayvan çıkışı → takip kapanır (neden=CIKIS), satır düşer 

    Error: [2mexpect([22m[31mlocator[39m[2m).[22mtoBeVisible[2m([22m[2m)[22m failed

    Locator: locator('#pg-ovsync .ovs-takip-satir').filter({ hasText: 'E2E-UITUR-q' })
    Expected: visible
    Timeout: 10000ms
    Error: element(s) not found

    Call log:
    [2m  - Expect "toBeVisible" with timeout 10000ms[22m
    [2m  - waiting for locator('#pg-ovsync .ovs-takip-satir').filter({ hasText: 'E2E-UITUR-q' })[22m


      486 | test('M14: çıkış kapanışı (T-22) — hayvan çıkışı → takip kapanır (neden=CIKIS), satır düşer', async ({ page }) => {
      487 |   await ovAc(page);
    > 488 |   await expect(page.locator('#pg-ovsync .ovs-takip-satir', { hasText: S.q.kupe })).toBeVisible({ timeout: 10000 });
          |                                                                                    ^
      489 |   const { error } = await db.from('hayvanlar').update({ durum: 'Satildi' }).eq('id', S.q.hayvanId);
      490 |   expect(error, error?.message).toBeNull();
      491 |   const gorev = await dbBekle(async () => {
        at /agents/uitur-m3-probe.spec.js:488:84

    Error Context: test-results/uitur-m3-probe-M14-çıkış-k-e60da-nır-neden-CIKIS-satır-düşer-chromium/error-context.md

  12) [chromium] › ../agents/uitur-m3-probe.spec.js:506:5 › M15: birleşik sonuç ekranı (T-04/T-76) — GK 5 kart, TM 4 kart; görev detay + S2 + 40g listesi girişleri 

    TimeoutError: locator.click: Timeout 10000ms exceeded.
    Call log:
    [2m  - waiting for locator('#tc-e2e00000-0000-4c00-8000-000000000001')[22m


      511 |   await page.click('[data-action="task-kat-ureme"]');
      512 |   await page.evaluate(() => window.loadTasks && window.loadTasks('all'));
    > 513 |   await page.locator(`#tc-${S.c.gorevId}`).click();
          |                                            ^
      514 |   const secici = page.locator('#devam-secici-bs');
      515 |   await expect(secici).toBeVisible({ timeout: 10000 });
      516 |   await expect(secici).toContainText('Gebelik kontrolü');
        at /agents/uitur-m3-probe.spec.js:513:44

    Error Context: test-results/uitur-m3-probe-M15-birleşi-b9d99-ay-S2-40g-listesi-girişleri-chromium/error-context.md

  13) [chromium] › ../agents/uitur-m3-probe.spec.js:645:5 › M18: göreli gün (T-85) — geçmiş satırında bugün/dün/N gün önce 

    Error: [2mexpect([22m[31mlocator[39m[2m).[22mtoBeVisible[2m([22m[2m)[22m failed

    Locator: locator('#ureme-body .hist-row').filter({ hasText: 'E2E-UITUR-i' }).first()
    Expected: visible
    Timeout: 10000ms
    Error: element(s) not found

    Call log:
    [2m  - Expect "toBeVisible" with timeout 10000ms[22m
    [2m  - waiting for locator('#ureme-body .hist-row').filter({ hasText: 'E2E-UITUR-i' }).first()[22m


      649 |   await page.fill('#tohumlama-srch', S.i.kupe);
      650 |   const satir = page.locator('#ureme-body .hist-row', { hasText: S.i.kupe }).first();
    > 651 |   await expect(satir).toBeVisible({ timeout: 10000 });
          |                       ^
      652 |   await expect(satir).toContainText(/bugün|dün|\d+ gün önce/);
      653 |   await shot(page, 'uitur-18-goreli-gun', false);
      654 | });
        at /agents/uitur-m3-probe.spec.js:651:23

    Error Context: test-results/uitur-m3-probe-M18-göreli--eaf29-ırında-bugün-dün-N-gün-önce-chromium/error-context.md

  14) [chromium] › ../agents/uitur-m3-probe.spec.js:691:5 › M25: invalidate (T-50) — yazma sonrası __ovsyncTakip=null; taze veri; bayat satır kalmaz 

    Error: [2mexpect([22m[31mlocator[39m[2m).[22mtoBeVisible[2m([22m[2m)[22m failed

    Locator: locator('#pg-ovsync .ovs-s3-satir').filter({ hasText: 'E2E-UITUR-g' }).getByRole('button', { name: /Başlat/ })
    Expected: visible
    Timeout: 5000ms
    Error: element(s) not found

    Call log:
    [2m  - Expect "toBeVisible" with timeout 5000ms[22m
    [2m  - waiting for locator('#pg-ovsync .ovs-s3-satir').filter({ hasText: 'E2E-UITUR-g' }).getByRole('button', { name: /Başlat/ })[22m


      713 |   const gKart = page.locator('#pg-ovsync .ovs-s3-satir', { hasText: S.g.kupe });
      714 |   await expect(gKart).toBeVisible({ timeout: 10000 });
    > 715 |   await expect(gKart.getByRole('button', { name: /Başlat/ })).toBeVisible();
          |                                                               ^
      716 |   await shot(page, 'uitur-25-invalidaze-g-s3', false);
      717 | });
      718 |
        at /agents/uitur-m3-probe.spec.js:715:63

    Error Context: test-results/uitur-m3-probe-M25-invalid-15ea9-aze-veri-bayat-satır-kalmaz-chromium/error-context.md

  15) [chromium] › ../agents/uitur-m3-probe.spec.js:720:5 › M20: satır gün şeması (T-35/36) — d0● d7◌ d8◌ d9◌ TAI⏳; renk dili; N/4 uygulandı; nötr etiketler 

    Error: [2mexpect([22m[31mlocator[39m[2m).[22mtoBeVisible[2m([22m[2m)[22m failed

    Locator: locator('#pg-ovsync .ovs-s3-satir').filter({ hasText: 'E2E-UITUR-g' }).getByRole('button', { name: /Başlat/ })
    Expected: visible
    Timeout: 10000ms
    Error: element(s) not found

    Call log:
    [2m  - Expect "toBeVisible" with timeout 10000ms[22m
    [2m  - waiting for locator('#pg-ovsync .ovs-s3-satir').filter({ hasText: 'E2E-UITUR-g' }).getByRole('button', { name: /Başlat/ })[22m


      721 |   await ovAc(page);
      722 |   const gKart = page.locator('#pg-ovsync .ovs-s3-satir', { hasText: S.g.kupe });
    > 723 |   await expect(gKart.getByRole('button', { name: /Başlat/ })).toBeVisible({ timeout: 10000 });
          |                                                               ^
      724 |   await gKart.getByRole('button', { name: /Başlat/ }).click();
      725 |   // d0 (1. uygulama) bugün tamam — satır S1'de kalsın (bugun_isi olmasın);
      726 |   // tarihler Başlat'ın ürettiği d0/d7/d8/d9 yerleşimiyle korunur
        at /agents/uitur-m3-probe.spec.js:723:63

    Error Context: test-results/uitur-m3-probe-M20-satır-g-0dc1d--4-uygulandı-nötr-etiketler-chromium/error-context.md

  16) [chromium] › ../agents/uitur-m3-probe.spec.js:760:5 › M21: rozetler (T-69/T-67) — kayma +Ng / erken Ng / görevsiz / erken TAI / deneme; Dalga başlığı 

    Error: [2mexpect([22m[31mlocator[39m[2m).[22mtoContainText[2m([22m[32mexpected[39m[2m)[22m failed

    Locator: locator('#pg-ovsync .ovs-kart').filter({ hasText: 'E2E-UITUR-p' }).first().locator('.ovs-rozet-kayma')
    Expected pattern: [32m/hedef \d{2}\.\d{2} → fiilen \+3g/[39m
    Timeout: 5000ms
    Error: element(s) not found

    Call log:
    [2m  - Expect "toContainText" with timeout 5000ms[22m
    [2m  - waiting for locator('#pg-ovsync .ovs-kart').filter({ hasText: 'E2E-UITUR-p' }).first().locator('.ovs-rozet-kayma')[22m


      821 |   const pKart = page.locator('#pg-ovsync .ovs-kart', { hasText: S.p.kupe }).first();
      822 |   await expect(pKart).toBeVisible({ timeout: 15000 });
    > 823 |   await expect(pKart.locator('.ovs-rozet-kayma')).toContainText(/hedef \d{2}\.\d{2} → fiilen \+3g/);
          |                                                   ^
      824 |   await expect(pKart.locator('.ovs-rozet-erken')).toContainText('erken TAI');
      825 |   await expect(pKart.locator('.ovs-rozet-deneme')).toContainText('2. deneme — önceki boş');
      826 |   const pzKart = page.locator('#pg-ovsync .ovs-kart', { hasText: S.pz.kupe }).first();
        at /agents/uitur-m3-probe.spec.js:823:51

    Error Context: test-results/uitur-m3-probe-M21-rozetle-c272f-en-TAI-deneme-Dalga-başlığı-chromium/error-context.md

  17) [chromium] › ../agents/uitur-m3-probe.spec.js:842:5 › M22: bayrak kapalı (T-46) — 🔒 şerit; boş liste sessiz gösterilmez; seçici açılmaz 

    Error: [2mexpect([22m[31mlocator[39m[2m).[22mtoBeVisible[2m([22m[2m)[22m failed

    Locator: locator('#ureme-body .hist-row').filter({ hasText: 'E2E-UITUR-y' }).first()
    Expected: visible
    Timeout: 10000ms
    Error: element(s) not found

    Call log:
    [2m  - Expect "toBeVisible" with timeout 10000ms[22m
    [2m  - waiting for locator('#ureme-body .hist-row').filter({ hasText: 'E2E-UITUR-y' }).first()[22m


      854 |     await page.fill('#tohumlama-srch', S.y.kupe);
      855 |     const satir = page.locator('#ureme-body .hist-row', { hasText: S.y.kupe }).first();
    > 856 |     await expect(satir).toBeVisible({ timeout: 10000 });
          |                         ^
      857 |     await satir.click();
      858 |     await expect(page.locator('#m-toh-det')).toHaveClass(/on/);
      859 |     await page.check('input[name="toh-sonuc"][value="Boş"]');
        at /agents/uitur-m3-probe.spec.js:856:25

    Error Context: test-results/uitur-m3-probe-M22-bayrak--f1e2c--gösterilmez-seçici-açılmaz-chromium/error-context.md

  18) [chromium] › ../agents/uitur-m3-probe.spec.js:873:5 › M23: offline (T-47/T-48) — bayat "⚠️ çevrimdışı · HH:MM verisi"; önbelleksiz "📡 İnternet yok" 

    Error: [2mexpect([22m[31mlocator[39m[2m).[22mtoBeVisible[2m([22m[2m)[22m failed

    Locator: locator('#pg-ovsync').filter({ hasText: '⚠️ çevrimdışı · ' })
    Expected: visible
    Timeout: 45000ms
    Error: element(s) not found

    Call log:
    [2m  - Expect "toBeVisible" with timeout 45000ms[22m
    [2m  - waiting for locator('#pg-ovsync').filter({ hasText: '⚠️ çevrimdışı · ' })[22m


      877 |   await page.evaluate(() => window.goTo('ovsync'));
      878 |   const bayat = page.locator('#pg-ovsync', { hasText: '⚠️ çevrimdışı · ' });
    > 879 |   await expect(bayat).toBeVisible({ timeout: 45000 });
          |                       ^
      880 |   const bayatTxt = await page.locator('#ovsync-root').innerText();
      881 |   expect(bayatTxt).toMatch(/⚠️ çevrimdışı · \d{2}:\d{2} verisi/);
      882 |   // bayat İÇERİK de gösterilir (sessiz boş YASAK)
        at /agents/uitur-m3-probe.spec.js:879:23

    Error Context: test-results/uitur-m3-probe-M23-offline-c7916-nbelleksiz-📡-İnternet-yok--chromium/error-context.md

  19) [chromium] › ../agents/uitur-m3-probe.spec.js:898:5 › M24: gezinme (T-51..T-55) — yatay geçiş; ‹ Geri=history.back; scroll geri yükleme; modal guard 

    TimeoutError: locator.click: Timeout 10000ms exceeded.
    Call log:
    [2m  - waiting for locator('[data-action="nav-geri"]').first()[22m
    [2m    - locator resolved to <button class="btn" data-action="nav-geri">← Geri</button>[22m
    [2m  - attempting click action[22m
    [2m    2 × waiting for element to be visible, enabled and stable[22m
    [2m      - element is not visible[22m
    [2m    - retrying click action[22m
    [2m    - waiting 20ms[22m
    [2m    2 × waiting for element to be visible, enabled and stable[22m
    [2m      - element is not visible[22m
    [2m    - retrying click action[22m
    [2m      - waiting 100ms[22m
    [2m    19 × waiting for element to be visible, enabled and stable[22m
    [2m       - element is not visible[22m
    [2m     - retrying click action[22m
    [2m       - waiting 500ms[22m


      903 |   await expect(page.locator('#pg-tasks')).toHaveClass(/on/);
      904 |   await expect(page).toHaveURL(/#tasks/);
    > 905 |   await page.locator('[data-action="nav-geri"]').first().click();
          |                                                          ^
      906 |   await expect(page.locator('#pg-ovsync')).toHaveClass(/on/, { timeout: 10000 });
      907 |   await expect(page).toHaveURL(/#ovsync/);
      908 |   const scrollY = await page.evaluate(() => document.querySelector('#pg-ovsync').scrollTop);
        at /agents/uitur-m3-probe.spec.js:905:58

    Error Context: test-results/uitur-m3-probe-M24-gezinme-37052-ll-geri-yükleme-modal-guard-chromium/error-context.md

  19 failed
    [chromium] › ../agents/uitur-m3-probe.spec.js:123:5 › M2: KPA şeridi (T-59) — 5 hücre küçük harf; sayılar RPC kpa eşit; ovs-one; (N takipte) 
    [chromium] › ../agents/uitur-m3-probe.spec.js:154:5 › M3: S0–S4 bölümleri (T-32) — başlık kümesi=satır kümesi; boş gizli; S3 ilk 5+tümü; S4 katlanır 
    [chromium] › ../agents/uitur-m3-probe.spec.js:194:5 › M4: 🔔 "Tüm takibi aç →" + Görevler "Tüm ovsync takibi →" + takip görevi 🌱 Üreme çipinde (T-57) 
    [chromium] › ../agents/uitur-m3-probe.spec.js:214:5 › M5: sayı eşitliği (kabul 9) — 🔔 🌱 sayısı = KPA bekleyen-başlatma = S3 kart 
    [chromium] › ../agents/uitur-m3-probe.spec.js:298:5 › M8: TAKIP kurulumu (T-03 ⚠) — gün girişi yok; +7 saat=atama anı; S3 🔍 takipte rozet; Üreme çipi 
    [chromium] › ../agents/uitur-m3-probe.spec.js:341:5 › M9: kilitli Ovsync (T-14..T-17) — kilit gerekçesi + ön seçim Takibe bırak 
    [chromium] › ../agents/uitur-m3-probe.spec.js:355:5 › M10: PG kapısı (T-06) — hızlı-PG redsi #pg-kapi-bs; "Boş ata ve uygula" tek sarmal işlem 
    [chromium] › ../agents/uitur-m3-probe.spec.js:385:5 › M11: TAKIP_ACIK sheet (T-20/T-21) — app bottom-sheet, tarih/saat DOLU; Vazgeç yazmasız; Evet kapatır 
    [chromium] › ../agents/uitur-m3-probe.spec.js:436:5 › M12: birleşik kapı (S-4/T-86) — TEK sheet, iki gerekçe alt alta, TEK onay, tarih/saat dolu 
    [chromium] › ../agents/uitur-m3-probe.spec.js:462:5 › M13: sessiz kapanış (T-19) — onay yok; neden=YENI_TOHUMLAMA; listeden düşer 
    [chromium] › ../agents/uitur-m3-probe.spec.js:486:5 › M14: çıkış kapanışı (T-22) — hayvan çıkışı → takip kapanır (neden=CIKIS), satır düşer 
    [chromium] › ../agents/uitur-m3-probe.spec.js:506:5 › M15: birleşik sonuç ekranı (T-04/T-76) — GK 5 kart, TM 4 kart; görev detay + S2 + 40g listesi girişleri 
    [chromium] › ../agents/uitur-m3-probe.spec.js:645:5 › M18: göreli gün (T-85) — geçmiş satırında bugün/dün/N gün önce 
    [chromium] › ../agents/uitur-m3-probe.spec.js:691:5 › M25: invalidate (T-50) — yazma sonrası __ovsyncTakip=null; taze veri; bayat satır kalmaz 
    [chromium] › ../agents/uitur-m3-probe.spec.js:720:5 › M20: satır gün şeması (T-35/36) — d0● d7◌ d8◌ d9◌ TAI⏳; renk dili; N/4 uygulandı; nötr etiketler 
    [chromium] › ../agents/uitur-m3-probe.spec.js:760:5 › M21: rozetler (T-69/T-67) — kayma +Ng / erken Ng / görevsiz / erken TAI / deneme; Dalga başlığı 
    [chromium] › ../agents/uitur-m3-probe.spec.js:842:5 › M22: bayrak kapalı (T-46) — 🔒 şerit; boş liste sessiz gösterilmez; seçici açılmaz 
    [chromium] › ../agents/uitur-m3-probe.spec.js:873:5 › M23: offline (T-47/T-48) — bayat "⚠️ çevrimdışı · HH:MM verisi"; önbelleksiz "📡 İnternet yok" 
    [chromium] › ../agents/uitur-m3-probe.spec.js:898:5 › M24: gezinme (T-51..T-55) — yatay geçiş; ‹ Geri=history.back; scroll geri yükleme; modal guard 
  6 passed (8.3m)
