
Running 12 tests using 1 worker

  ✓   1 [chromium] › tests/e2e/ovsync-takip.spec.js:321:5 › T-56: dashboard 6. hücre "Ovsync" görünür; tıklayınca #pg-ovsync açılır (6.7s)
  ✓   2 [chromium] › tests/e2e/ovsync-takip.spec.js:332:5 › T-32/T-59: KPA şeridi 5 sayaç; render edilen bölüm başlıkları = dolu bölümler (boş gizli) (5.3s)
  ✓   3 [chromium] › tests/e2e/ovsync-takip.spec.js:355:5 › T-01/T-07/T-02/T-03: Boş→seçici; Ovsync ön seçili; PG kartı ürün/doz ÖN DOLU; TAKIP +7 gün (16.6s)
  ✘   4 [chromium] › tests/e2e/ovsync-takip.spec.js:378:5 › T-20: takipli+PG → TAKIP_ACIK onay sheet (#takip-acik-bs); Vazgeç yazma yapmaz (14.2s)
  ✓   5 [chromium] › tests/e2e/ovsync-takip.spec.js:415:5 › T-38/T-44: S2 "muayene vakti" rozeti (40 g eşik); "21" sabiti yok (4.4s)
  ✓   6 [chromium] › tests/e2e/ovsync-takip.spec.js:429:5 › T-04/T-05 K15: S2 "muayene vakti" → 🩺 sonuç ekranı; GEBELIK_KONTROL 5 seçim (15.1s)
  ✓   7 [chromium] › tests/e2e/ovsync-takip.spec.js:453:5 › T-25/T-26: muayeneyi ertele (+7) saatsiz → görev hedef +7, hedef_saat NULL (16.1s)
  ✓   8 [chromium] › tests/e2e/ovsync-takip.spec.js:477:5 › T-87: TAKIP_MUAYENE ekranı 4 seçim (TAKIP yok); ertelemede "N gündür takipte" onayı (24.3s)
  ✓   9 [chromium] › tests/e2e/ovsync-takip.spec.js:506:5 › T-19: takipli hayvana yeni tohumlama → sessiz kapanış (neden=YENI_TOHUMLAMA), listeden düşer (9.2s)
  ✓  10 [chromium] › tests/e2e/ovsync-takip.spec.js:527:5 › T-73/T-89: jenerik gorev_tamamla GEBELIK_KONTROL kapatamaz; kizginlik_vaka_ac TAKIP_ACIK (2 varyant) + onaylı kapanış (5.6s)
  ✓  11 [chromium] › tests/e2e/ovsync-takip.spec.js:570:5 › T-84/T-85: takipte Gebe → tohumlama Gebe olur; üreme geçmişinde üstü çizili Boş + Gebe + göreli gün (30.6s)
  ✓  12 [chromium] › tests/e2e/ovsync-takip.spec.js:604:5 › T-03/T-50: TAKIP seçimi görev kurar (+7g) ve __ovsyncTakip cache bozulur; S3 🔍 takipte (9.5s)


  1) [chromium] › tests/e2e/ovsync-takip.spec.js:378:5 › T-20: takipli+PG → TAKIP_ACIK onay sheet (#takip-acik-bs); Vazgeç yazma yapmaz 

    Error: [2mexpect([22m[31mlocator[39m[2m).[22mtoBeVisible[2m([22m[2m)[22m failed

    Locator: locator('#ureme-body .hist-row').filter({ hasText: 'E2E-TAKIP-PW-b' }).first()
    Expected: visible
    Timeout: 10000ms
    Error: element(s) not found

    Call log:
    [2m  - Expect "toBeVisible" with timeout 10000ms[22m
    [2m  - waiting for locator('#ureme-body .hist-row').filter({ hasText: 'E2E-TAKIP-PW-b' }).first()[22m


      299 |   await page.fill('#tohumlama-srch', S[ad].kupe);
      300 |   const satir = page.locator('#ureme-body .hist-row', { hasText: S[ad].kupe }).first();
    > 301 |   await expect(satir).toBeVisible({ timeout: 10000 });
          |                       ^
      302 |   await satir.click();
      303 |   await expect(page.locator('#m-toh-det')).toHaveClass(/on/);
      304 |   await page.check('input[name="toh-sonuc"][value="Boş"]');
        at devamSeciciAc (/work/tests/e2e/ovsync-takip.spec.js:301:23)
        at /work/tests/e2e/ovsync-takip.spec.js:382:3

    Error Context: test-results/e2e-ovsync-takip-T-20-taki-b1b9d-acik-bs-Vazgeç-yazma-yapmaz-chromium/error-context.md

  1 failed
    [chromium] › tests/e2e/ovsync-takip.spec.js:378:5 › T-20: takipli+PG → TAKIP_ACIK onay sheet (#takip-acik-bs); Vazgeç yazma yapmaz 
  11 passed (3.3m)
rc=1
